// Jest Snapshot v1, https://goo.gl/fbAQLP

exports[`<AddCauseLink /> renders with just text 1`] = `
<TouchableOpacity
  activeOpacity={0.2}
  onPress={[Function]}
>
  <Component
    style={
      Array [
        Object {
          "height": 100,
          "marginRight": 12,
          "width": 100,
        },
        Object {
          "alignItems": "center",
          "backgroundColor": "#fff",
          "borderRadius": 12,
          "justifyContent": "center",
          "marginRight": 12,
          "overflow": "hidden",
        },
      ]
    }
  >
    <Component
      style={
        Object {
          "alignItems": "center",
          "backgroundColor": "rgba(0,0,0,0.6)",
          "height": "100%",
          "justifyContent": "center",
          "width": "100%",
        }
      }
    >
      <Icon
        allowFontScaling={false}
        color="#fff"
        name="plus"
        size={50}
        style={
          Object {
            "marginRight": 5,
          }
        }
      />
    </Component>
  </Component>
</TouchableOpacity>
`;
