// Jest Snapshot v1, https://goo.gl/fbAQLP

exports[`<MarginWrapper /> renders with just text 1`] = `
<Component
  style={
    Object {
      "marginBottom": 10,
    }
  }
>
  mockText
</Component>
`;
