// Jest Snapshot v1, https://goo.gl/fbAQLP

exports[`<Screen /> renders 1`] = `
<SafeAreaView
  style={
    Object {
      "flex": 1,
    }
  }
/>
`;
