// Jest Snapshot v1, https://goo.gl/fbAQLP

exports[`<JoinNow /> renders 1`] = `
<Component
  style={
    Object {
      "flexDirection": "row",
      "justifyContent": "center",
      "marginBottom": 40,
    }
  }
>
  <Txt
    color="light"
  >
    Don't have an account?Â 
  </Txt>
  <TouchableOpacity
    activeOpacity={0.2}
    onPress={[Function]}
  >
    <Component
      style={
        Object {
          "borderBottomColor": "#fff",
          "borderBottomWidth": 1,
        }
      }
    >
      <Txt
        color="light"
      >
        Join now
      </Txt>
    </Component>
  </TouchableOpacity>
</Component>
`;
