// Jest Snapshot v1, https://goo.gl/fbAQLP

exports[`<Right /> renders 1`] = `
ShallowWrapper {
  Symbol(enzyme.__root__): [Circular],
  Symbol(enzyme.__unrendered__): <Right
    onClose={[MockFunction]}
  />,
  Symbol(enzyme.__renderer__): Object {
    "batchedUpdates": [Function],
    "checkPropTypes": [Function],
    "getNode": [Function],
    "render": [Function],
    "simulateError": [Function],
    "simulateEvent": [Function],
    "unmount": [Function],
  },
  Symbol(enzyme.__node__): Object {
    "instance": null,
    "key": undefined,
    "nodeType": "class",
    "props": Object {
      "activeOpacity": 0.2,
      "children": <Component
        style={
          Object {
            "borderRadius": 17,
            "height": 34,
            "padding": 2,
            "width": 34,
            "zIndex": 100,
          }
        }
      >
        <Icon
          allowFontScaling={false}
          color="#0F2243"
          name="close"
          size={30}
          style={
            Object {
              "textAlign": "center",
            }
          }
        />
      </Component>,
      "hitSlop": Object {
        "bottom": 15,
        "left": 50,
        "right": 50,
        "top": 15,
      },
      "onPress": [MockFunction],
    },
    "ref": null,
    "rendered": Object {
      "instance": null,
      "key": undefined,
      "nodeType": "class",
      "props": Object {
        "children": <Icon
          allowFontScaling={false}
          color="#0F2243"
          name="close"
          size={30}
          style={
            Object {
              "textAlign": "center",
            }
          }
        />,
        "style": Object {
          "borderRadius": 17,
          "height": 34,
          "padding": 2,
          "width": 34,
          "zIndex": 100,
        },
      },
      "ref": null,
      "rendered": Object {
        "instance": null,
        "key": undefined,
        "nodeType": "class",
        "props": Object {
          "allowFontScaling": false,
          "color": "#0F2243",
          "name": "close",
          "size": 30,
          "style": Object {
            "textAlign": "center",
          },
        },
        "ref": null,
        "rendered": null,
        "type": [Function],
      },
      "type": [Function],
    },
    "type": [Function],
  },
  Symbol(enzyme.__nodes__): Array [
    Object {
      "instance": null,
      "key": undefined,
      "nodeType": "class",
      "props": Object {
        "activeOpacity": 0.2,
        "children": <Component
          style={
            Object {
              "borderRadius": 17,
              "height": 34,
              "padding": 2,
              "width": 34,
              "zIndex": 100,
            }
          }
        >
          <Icon
            allowFontScaling={false}
            color="#0F2243"
            name="close"
            size={30}
            style={
              Object {
                "textAlign": "center",
              }
            }
          />
        </Component>,
        "hitSlop": Object {
          "bottom": 15,
          "left": 50,
          "right": 50,
          "top": 15,
        },
        "onPress": [MockFunction],
      },
      "ref": null,
      "rendered": Object {
        "instance": null,
        "key": undefined,
        "nodeType": "class",
        "props": Object {
          "children": <Icon
            allowFontScaling={false}
            color="#0F2243"
            name="close"
            size={30}
            style={
              Object {
                "textAlign": "center",
              }
            }
          />,
          "style": Object {
            "borderRadius": 17,
            "height": 34,
            "padding": 2,
            "width": 34,
            "zIndex": 100,
          },
        },
        "ref": null,
        "rendered": Object {
          "instance": null,
          "key": undefined,
          "nodeType": "class",
          "props": Object {
            "allowFontScaling": false,
            "color": "#0F2243",
            "name": "close",
            "size": 30,
            "style": Object {
              "textAlign": "center",
            },
          },
          "ref": null,
          "rendered": null,
          "type": [Function],
        },
        "type": [Function],
      },
      "type": [Function],
    },
  ],
  Symbol(enzyme.__options__): Object {
    "adapter": ReactSixteenAdapter {
      "options": Object {
        "enableComponentDidUpdateOnSetState": true,
        "legacyContextMode": "parent",
        "lifecycles": Object {
          "componentDidUpdate": Object {
            "onSetState": true,
          },
          "getChildContext": Object {
            "calledByRenderer": false,
          },
          "getDerivedStateFromError": false,
          "getDerivedStateFromProps": Object {
            "hasShouldComponentUpdateBug": false,
          },
          "getSnapshotBeforeUpdate": true,
          "setState": Object {
            "skipsComponentDidUpdateOnNullish": true,
          },
        },
      },
    },
  },
}
`;
