// Jest Snapshot v1, https://goo.gl/fbAQLP

exports[`<StackHeader /> renders 1`] = `
ShallowWrapper {
  Symbol(enzyme.__root__): [Circular],
  Symbol(enzyme.__unrendered__): <StackHeader
    title=""
  />,
  Symbol(enzyme.__renderer__): Object {
    "batchedUpdates": [Function],
    "checkPropTypes": [Function],
    "getNode": [Function],
    "render": [Function],
    "simulateError": [Function],
    "simulateEvent": [Function],
    "unmount": [Function],
  },
  Symbol(enzyme.__node__): Object {
    "instance": null,
    "key": undefined,
    "nodeType": "class",
    "props": Object {
      "children": <Component
        style={
          Object {
            "alignItems": "flex-end",
            "borderBottomColor": "rgb(251, 100, 65)",
            "borderBottomWidth": 1,
            "flexDirection": "row",
            "justifyContent": "space-between",
          }
        }
      >
        <Left
          onBack={[Function]}
        />
        <H1
          color="primary"
        >
          
        </H1>
        <Right />
      </Component>,
    },
    "ref": null,
    "rendered": Object {
      "instance": null,
      "key": undefined,
      "nodeType": "class",
      "props": Object {
        "children": Array [
          <Left
            onBack={[Function]}
          />,
          <H1
            color="primary"
          >
            
          </H1>,
          <Right />,
        ],
        "style": Object {
          "alignItems": "flex-end",
          "borderBottomColor": "rgb(251, 100, 65)",
          "borderBottomWidth": 1,
          "flexDirection": "row",
          "justifyContent": "space-between",
        },
      },
      "ref": null,
      "rendered": Array [
        Object {
          "instance": null,
          "key": undefined,
          "nodeType": "function",
          "props": Object {
            "noBackOption": undefined,
            "onBack": [Function],
          },
          "ref": null,
          "rendered": null,
          "type": [Function],
        },
        Object {
          "instance": null,
          "key": undefined,
          "nodeType": "function",
          "props": Object {
            "children": "",
            "color": "primary",
          },
          "ref": null,
          "rendered": "",
          "type": [Function],
        },
        Object {
          "instance": null,
          "key": undefined,
          "nodeType": "function",
          "props": Object {
            "noCloseOption": undefined,
            "onClose": undefined,
          },
          "ref": null,
          "rendered": null,
          "type": [Function],
        },
      ],
      "type": [Function],
    },
    "type": [Function],
  },
  Symbol(enzyme.__nodes__): Array [
    Object {
      "instance": null,
      "key": undefined,
      "nodeType": "class",
      "props": Object {
        "children": <Component
          style={
            Object {
              "alignItems": "flex-end",
              "borderBottomColor": "rgb(251, 100, 65)",
              "borderBottomWidth": 1,
              "flexDirection": "row",
              "justifyContent": "space-between",
            }
          }
        >
          <Left
            onBack={[Function]}
          />
          <H1
            color="primary"
          >
            
          </H1>
          <Right />
        </Component>,
      },
      "ref": null,
      "rendered": Object {
        "instance": null,
        "key": undefined,
        "nodeType": "class",
        "props": Object {
          "children": Array [
            <Left
              onBack={[Function]}
            />,
            <H1
              color="primary"
            >
              
            </H1>,
            <Right />,
          ],
          "style": Object {
            "alignItems": "flex-end",
            "borderBottomColor": "rgb(251, 100, 65)",
            "borderBottomWidth": 1,
            "flexDirection": "row",
            "justifyContent": "space-between",
          },
        },
        "ref": null,
        "rendered": Array [
          Object {
            "instance": null,
            "key": undefined,
            "nodeType": "function",
            "props": Object {
              "noBackOption": undefined,
              "onBack": [Function],
            },
            "ref": null,
            "rendered": null,
            "type": [Function],
          },
          Object {
            "instance": null,
            "key": undefined,
            "nodeType": "function",
            "props": Object {
              "children": "",
              "color": "primary",
            },
            "ref": null,
            "rendered": "",
            "type": [Function],
          },
          Object {
            "instance": null,
            "key": undefined,
            "nodeType": "function",
            "props": Object {
              "noCloseOption": undefined,
              "onClose": undefined,
            },
            "ref": null,
            "rendered": null,
            "type": [Function],
          },
        ],
        "type": [Function],
      },
      "type": [Function],
    },
  ],
  Symbol(enzyme.__options__): Object {
    "adapter": ReactSixteenAdapter {
      "options": Object {
        "enableComponentDidUpdateOnSetState": true,
        "legacyContextMode": "parent",
        "lifecycles": Object {
          "componentDidUpdate": Object {
            "onSetState": true,
          },
          "getChildContext": Object {
            "calledByRenderer": false,
          },
          "getDerivedStateFromError": false,
          "getDerivedStateFromProps": Object {
            "hasShouldComponentUpdateBug": false,
          },
          "getSnapshotBeforeUpdate": true,
          "setState": Object {
            "skipsComponentDidUpdateOnNullish": true,
          },
        },
      },
    },
  },
  Symbol(enzyme.__childContext__): null,
}
`;
