// Jest Snapshot v1, https://goo.gl/fbAQLP

exports[`<Logo /> renders 1`] = `
<Component
  style={
    Object {
      "alignItems": "center",
    }
  }
>
  <Component
    style={
      Object {
        "borderColor": "#FFFFFF",
        "borderRadius": 80,
        "borderWidth": 4,
        "height": 80,
        "width": 80,
      }
    }
  />
</Component>
`;
